// Jest Snapshot v1, https://goo.gl/fbAQLP

exports[`Project renders correctly 1`] = `
<div>
  <div
    class="transition-all duration-100 hover:border hover:p-4 hover:shadow"
  >
    <a
      aria-current="page"
      class="block"
      href="/"
      target="_blank"
    >
      <div
        class="aspect-video rounded border bg-cover bg-center"
        style="background-image: url();"
      />
      <h2
        class="mt-4 text-lg font-bold"
      />
    </a>
    <p
      class="mt-4 text-gray-500"
    />
    <div
      class="mt-4"
    />
  </div>
</div>
`;
