// Jest Snapshot v1, https://goo.gl/fbAQLP

exports[`Testimonial renders correctly 1`] = `
<div>
  <div
    class="pb-16"
  >
    <div
      class="mx-auto w-full bg-no-repeat pl-0 md:w-2/3 md:pl-16"
      style="background-image: url(src);"
    >
      <blockquote
        class="pb-8"
      >
        <h2
          class="font-b612 text-justify text-2xl leading-loose text-gray-700"
        />
      </blockquote>
      <p
        class="text-lg font-medium text-gray-500"
      />
    </div>
  </div>
</div>
`;
