// Jest Snapshot v1, https://goo.gl/fbAQLP

exports[`Hero renders correctly 1`] = `
<div>
  <section
    class="py-8 md:py-16"
    id="home"
  >
    <div
      class="container mx-auto"
    >
      <div
        class="mb-8 md:mb-16"
      >
        <div
          class="text-center mx-auto max-w-lg"
        >
          <h1
            class="text-2xl sm:text-4xl font-b162 mb-4 font-bold"
          />
          <h2
            class="text-sm sm:text-lg"
          />
        </div>
      </div>
      <div
        class="relative"
      >
        <div
          class="top-0 flex w-full justify-center pb-16 sm:absolute"
        >
          <a
            class="cursor-pointer"
          >
            <button
              class="rounded-md bg-emerald-500 px-8 py-4 text-white transition duration-500 hover:bg-gray-900 "
              type="button"
            >
              Get Started
            </button>
          </a>
        </div>
        <img
          alt="Banner"
          class="hidden sm:block"
          src="src"
        />
      </div>
    </div>
    <div
      class="relative hidden sm:block"
    >
      <div
        class="absolute bottom-0 -z-10 h-32 w-full bg-[#FFF5ED]/50"
      />
    </div>
  </section>
</div>
`;
