// Jest Snapshot v1, https://goo.gl/fbAQLP

exports[`Contact renders correctly 1`] = `
<div>
  <section
    class="bg-[#F8F0EA] bg-contain bg-bottom bg-no-repeat py-0 md:py-16"
    id="contact"
    style="background-image: url(src);"
  >
    <div
      class="container mx-auto"
    >
      <div
        class="rounded-none bg-white md:rounded-2xl"
      >
        <div
          class="px-4 py-8 md:px-8 md:py-16"
        >
          <div
            class="grid grid-cols-1 items-center gap-8 md:grid-cols-2"
          >
            <div
              class="col-span-1"
            >
              <div
                class=""
              >
                <div
                  class="text-center md:text-left mx-auto max-w-lg"
                >
                  <h1
                    class="text-2xl sm:text-4xl font-b162 mb-4 font-bold"
                  />
                  <h2
                    class="text-sm sm:text-lg"
                  />
                </div>
              </div>
            </div>
            <div
              class="col-span-1"
            >
              <div
                class="grid grid-cols-1 gap-4 md:grid-cols-3"
              >
                <div
                  class="col-span-1 md:col-span-2"
                >
                  <input
                    class="w-full rounded-md bg-[#EFF3F7] px-8 py-4 hover:border-emerald-500 focus:border-emerald-500 active:border-emerald-500"
                    id="email"
                    name="email"
                    placeholder="Enter Email Address"
                    type="text"
                  />
                </div>
                <div
                  class="col-span-1"
                >
                  <button
                    class="rounded-md bg-emerald-500 px-8 py-4 text-white transition duration-500 hover:bg-gray-900 w-full"
                    type="button"
                  >
                    Send
                  </button>
                </div>
                <div
                  class="col-span-1 md:col-span-3"
                >
                  <label
                    class="flex items-center gap-2"
                    for="promote"
                  >
                    <input
                      class="hidden"
                      id="promote"
                      name=""
                      type="checkbox"
                      value=""
                    />
                    <div
                      class="h-5 w-5 rounded border border-2"
                    />
                    <span
                      class="text-sm text-gray-500"
                    >
                      Don't provide any promotional message.
                    </span>
                  </label>
                </div>
              </div>
            </div>
          </div>
        </div>
      </div>
    </div>
  </section>
</div>
`;
